../Drivers/CMSIS/Include/core_cm4.h:1722:22:__NVIC_DisableIRQ	16	static,ignoring_inline_asm
../Core/Ethercat/src/ecatslv.c:264:6:ResetALEventMask	24	static
../Core/Ethercat/src/ecatslv.c:285:6:SetALEventMask	24	static
../Core/Ethercat/src/ecatslv.c:306:6:UpdateEEPROMLoadedState	16	static
../Core/Ethercat/src/ecatslv.c:343:19:GetSyncMan	16	static
../Core/Ethercat/src/ecatslv.c:358:6:DisableSyncManChannel	24	static
../Core/Ethercat/src/ecatslv.c:381:6:EnableSyncManChannel	24	static
../Core/Ethercat/src/ecatslv.c:411:10:CheckSmSettings	32	static
../Core/Ethercat/src/ecatslv.c:698:8:StartInputHandler	64	static
../Core/Ethercat/src/ecatslv.c:1261:8:StartOutputHandler	16	static
../Core/Ethercat/src/ecatslv.c:1306:6:StopOutputHandler	4	static
../Core/Ethercat/src/ecatslv.c:1319:6:StopInputHandler	16	static
../Core/Ethercat/src/ecatslv.c:1386:6:BackToInitTransition	4	static
../Core/Ethercat/src/ecatslv.c:1399:6:SetALStatus	24	static
../Core/Ethercat/src/ecatslv.c:1441:6:AL_ControlInd	24	static
../Core/Ethercat/src/ecatslv.c:1921:6:AL_ControlRes	16	static
../Core/Ethercat/src/ecatslv.c:2188:6:DC_CheckWatchdog	4	static
../Core/Ethercat/src/ecatslv.c:2263:6:CheckIfEcatError	16	static
../Core/Ethercat/src/ecatslv.c:2321:6:ECAT_StateChange	24	static
../Core/Ethercat/src/ecatslv.c:2476:6:ECAT_Init	16	static
../Core/Ethercat/src/ecatslv.c:2552:6:ECAT_Main	16	static
