../Core/Src/calibration.c:35:6:calib_init	8	static
../Core/Src/calibration.c:45:6:calib_push_raw	88	static
../Core/Src/calibration.c:97:7:calib_get_filtered	16	static
../Core/Src/calibration.c:103:6:calib_get_filtered_all	32	static
../Core/Src/calibration.c:114:12:float_is_nan	24	static
../Core/Src/calibration.c:130:6:calib_matrix_multiply	32	static
../Core/Src/calibration.c:152:6:calib_apply_zero	32	static
../Core/Src/calibration.c:169:6:calib_process_sample	64	static
../Core/Src/calibration.c:191:6:calib_process_sample_with_mv	72	static
../Core/Src/calibration.c:215:6:calib_zero_start	16	static
../Core/Src/calibration.c:226:6:calib_zero_cale	24	static
../Core/Src/calibration.c:244:6:calib_zero_over	4	static
../Core/Src/calibration.c:249:5:calib_zero_is_done	4	static
../Core/Src/calibration.c:254:6:calib_zero_get_result	24	static
../Core/Src/calibration.c:261:6:calib_zero_cancel	16	static
