../Core/Src/EtherCAT_spi.c:32:6:EXTI0_Configuration	48	static
../Core/Src/EtherCAT_spi.c:60:6:EXTI1_Configuration	48	static
../Core/Src/EtherCAT_spi.c:88:6:EXTI2_Configuration	48	static
../Core/Src/EtherCAT_spi.c:125:6:HAL_SPI_TxCpltCallback	16	static
../Core/Src/EtherCAT_spi.c:139:9:WR_CMD	32	static
../Core/Src/EtherCAT_spi.c:157:6:SPIWrite	16	static
../Core/Src/EtherCAT_spi.c:170:7:SPIRead	16	static
../Core/Src/EtherCAT_spi.c:185:10:SPIReadDWord	24	static
../Core/Src/EtherCAT_spi.c:210:10:SPIFastReadDWord	24	static
../Core/Src/EtherCAT_spi.c:246:6:SPISendAddr	24	static
../Core/Src/EtherCAT_spi.c:264:8:SPIReadBurstMode	16	static
../Core/Src/EtherCAT_spi.c:284:6:SPIWriteBurstMode	24	static
../Core/Src/EtherCAT_spi.c:304:6:SPIWriteDWord	24	static
../Core/Src/EtherCAT_spi.c:338:6:SPIReadRegUsingCSR	32	static
../Core/Src/EtherCAT_spi.c:377:6:SPIWriteRegUsingCSR	32	static
../Core/Src/EtherCAT_spi.c:417:6:SPIReadPDRamRegister	24	static
../Core/Src/EtherCAT_spi.c:515:6:SPIWritePDRamRegister	24	static
../Core/Src/EtherCAT_spi.c:608:6:SPIReadDRegister	16	static
../Core/Src/EtherCAT_spi.c:630:6:SPIWriteRegister	16	static
../Core/Src/EtherCAT_spi.c:644:15:SPIReadDWord_test	24	static
../Core/Src/EtherCAT_spi.c:675:15:FCE1353_ReadID	24	static
../Core/Src/EtherCAT_spi.c:687:6:mem_test	16	static
