../Core/Src/flash_storage.c:12:12:flash_unlock	8	static
../Core/Src/flash_storage.c:18:13:flash_lock	8	static
../Core/Src/flash_storage.c:26:6:flash_erase_storage	4	static
../Core/Src/flash_storage.c:43:12:flash_write_buf	24	static
../Core/Src/flash_storage.c:76:17:calc_crc	16	static
../Core/Src/flash_storage.c:86:5:flash_load_all	80	static
../Core/Src/flash_storage.c:120:5:flash_save_config	280	static
../Core/Src/flash_storage.c:146:5:flash_save_matrix	16	static
../Core/Src/flash_storage.c:158:5:flash_save_zero	8	static
