../Core/Src/lha7668.c:37:6:LHL_LHA7668_Init	16	static
../Core/Src/lha7668.c:55:6:LHL_LHA7668_Init_2	16	static
../Core/Src/lha7668.c:84:6:LHL_LHA7668_Reset	24	static
../Core/Src/lha7668.c:103:9:LHL_LHA7668_Get_ID	16	static
../Core/Src/lha7668.c:115:6:LHL_LHA7668_Set_Channel	16	static
../Core/Src/lha7668.c:136:6:LHL_LHA7668_Set_Burnout	24	static
../Core/Src/lha7668.c:156:6:LHL_LHA7668_Set_Setup	16	static
../Core/Src/lha7668.c:207:6:LHL_LHA7668_Set_ADC	16	static
../Core/Src/lha7668.c:236:6:LHL_LHA7668_Set_Diagnostics	16	static
../Core/Src/lha7668.c:255:6:LHL_LHA7668_Start	16	static
../Core/Src/lha7668.c:269:6:LHL_LHA7668_Resume	16	static
../Core/Src/lha7668.c:280:6:LHL_LHA7668_Stop	16	static
../Core/Src/lha7668.c:294:6:LHL_LHA7668_Get_Data	24	static
../Core/Src/lha7668.c:367:7:LHL_LHA7668_Get_mVoltage	32	static
../Core/Src/lha7668.c:384:7:LHL_LHA7668_Get_Ohm	32	static
../Core/Src/lha7668.c:397:7:LHL_LHA7668_Get_Temperature	16	static
../Core/Src/lha7668.c:408:6:LHL_LHA7668_Set_Mode	32	static
../Core/Src/lha7668.c:435:6:LHL_LHA7668_Set_Power	32	static
../Core/Src/lha7668.c:455:6:LHL_LHA7668_Set_VBias	24	static
../Core/Src/lha7668.c:477:6:LHL_LHA7668_Set_IOut	24	static
../Core/Src/lha7668.c:501:6:LHL_LHA7668_Set_IOut0	24	static
../Core/Src/lha7668.c:521:6:LHL_LHA7668_Set_IOut1	24	static
../Core/Src/lha7668.c:534:6:LHL_LHA7668_Set_GPIO	16	static
../Core/Src/lha7668.c:537:6:LHL_LHA7668_Get_GPIO	16	static
../Core/Src/lha7668.c:546:21:LHL_LHA7668_Get_Flag	24	static
../Core/Src/lha7668.c:566:6:LHL_LHA7668_Set_Reference	32	static
../Core/Src/lha7668.c:585:6:LHL_LHA7668_Dump_Register	40	static
../Core/Src/lha7668.c:597:6:LHL_LHA7668_Dump_Register_CRC	40	static
../Core/Src/lha7668.c:620:10:LHL_LHA7668_Read_Register	32	static
../Core/Src/lha7668.c:667:6:LHL_LHA7668_Write_Register	40	static
../Core/Src/lha7668.c:700:6:__LHL_LHA7668_Read_Write_Raw	16	static
../Core/Src/lha7668.c:715:6:__LHL_LHA7668_Read_Data	16	static
../Core/Src/lha7668.c:725:10:__LHL_Array_to_Int	16	static
../Core/Src/lha7668.c:739:21:LHA7668_Platform_Init	24	static
../Core/Src/lha7668.c:747:21:LHA7668_Platform_Set	16	static
../Core/Src/lha7668.c:753:21:LHA7668_Platform_Reset	16	static
../Core/Src/lha7668.c:760:24:LHA7668_Platform_ReadWrite	32	static
../Core/Src/lha7668.c:767:21:LHA7668_Platform_Delay_uS	16	static
../Core/Src/lha7668.c:807:7:rtd_resistance_to_temperature	40	static
../Core/Src/lha7668.c:847:7:K_VtoT	24	static
../Core/Src/lha7668.c:885:7:K_TtoV	40	static
../Core/Src/lha7668.c:908:7:calculate_k_type_temperature	24	static
../Core/Src/lha7668.c:924:9:calculate_crc8	24	static
../Core/Src/lha7668.c:942:5:verify_crc8	24	static
