../Core/Src/lha7668-8.c:8:6:LHA7668_Platform_Init	24	static
../Core/Src/lha7668-8.c:15:6:LHA7668_Platform_Init_2	24	static
../Core/Src/lha7668-8.c:22:6:LHA7668_Platform_Set	16	static
../Core/Src/lha7668-8.c:27:6:LHA7668_Platform_Reset	16	static
../Core/Src/lha7668-8.c:32:9:LHA7668_Platform_ReadWrite	32	static
../Core/Src/lha7668-8.c:39:10:int_adcData	8	static
../Core/Src/lha7668-8.c:48:10:int_adcData_2	8	static
../Core/Src/lha7668-8.c:57:7:adcData	8	static
../Core/Src/lha7668-8.c:65:7:adcData_2	8	static
../Core/Src/lha7668-8.c:73:6:lha7668_init	24	static
